../../Drivers/STM32WBxx_HAL_Driver/Inc/stm32wbxx_ll_rcc.h:1679:22:LL_RCC_LSE_SetDriveCapability	1
C:/Users/jimitp/Documents/latest_firmware/WINE_TEMP/Core/Src/main.c:91:5:main	2
C:/Users/jimitp/Documents/latest_firmware/WINE_TEMP/Core/Src/main.c:187:6:SystemClock_Config	3
C:/Users/jimitp/Documents/latest_firmware/WINE_TEMP/Core/Src/main.c:247:6:PeriphCommonClock_Config	2
C:/Users/jimitp/Documents/latest_firmware/WINE_TEMP/Core/Src/main.c:295:1:__io_putchar	1
C:/Users/jimitp/Documents/latest_firmware/WINE_TEMP/Core/Src/main.c:304:1:__io_getchar	1
C:/Users/jimitp/Documents/latest_firmware/WINE_TEMP/Core/Src/main.c:324:6:Error_Handler	1
