C:/Users/jimitp/Documents/latest_firmware/WINE_TEMP/Core/Src/main.c:171:6:SystemClock_Config	3
C:/Users/jimitp/Documents/latest_firmware/WINE_TEMP/Core/Src/main.c:233:6:PeriphCommonClock_Config	2
C:/Users/jimitp/Documents/latest_firmware/WINE_TEMP/Core/Src/main.c:91:5:main	2
C:/Users/jimitp/Documents/latest_firmware/WINE_TEMP/Core/Src/main.c:281:1:__io_putchar	1
C:/Users/jimitp/Documents/latest_firmware/WINE_TEMP/Core/Src/main.c:290:1:__io_getchar	1
C:/Users/jimitp/Documents/latest_firmware/WINE_TEMP/Core/Src/main.c:310:6:Error_Handler	1
